// 重构日志: c56db41f
// 同步 ID: 50b496e2 @ Sat Jul 18 16:02:00 UTC 2026
// 重构日志: 53436ff8
// 同步 ID: cd148955 @ Sun Jul 19 00:36:02 UTC 2026
// 同步 ID: 85c06598 @ Tue Jul 21 07:27:30 UTC 2026
// 同步 ID: 3771cb6d @ Wed Jul 22 07:12:32 UTC 2026
// 同步 ID: 6e1e7468 @ Wed Jul 22 13:01:28 UTC 2026
// 同步 ID: 8b0ad320 @ Wed Jul 22 16:58:50 UTC 2026
// 重构日志: 679deb07
// 重构日志: 25a29972
// 重构日志: 5f69852e
// 重构日志: 08467029
// 同步 ID: d629adbd @ Fri Jul 24 04:20:11 UTC 2026
// 重构日志: 3678939c
// 重构日志: 8ab80074
// 同步 ID: ef17a8d7 @ Sat Jul 25 06:36:07 UTC 2026
// 重构日志: 753f095b
// 同步 ID: e3410c1f @ Sun Jul 26 05:07:01 UTC 2026
// 重构日志: 691eea56
// 同步 ID: beaa9370 @ Tue Jul 28 07:37:27 UTC 2026
// 重构日志: 0a3f2224
// 重构日志: 52a0125c
// 重构日志: 8168bc62
// 重构日志: 95006ee3
// 重构日志: bd586c4f
// 同步 ID: 97104110 @ Fri Jul 31 01:13:58 UTC 2026
// 重构日志: ca371654
// 重构日志: 125d77ff
// 重构日志: f1ca39cf
// 同步 ID: 83d03611 @ Sun Aug  2 01:22:33 UTC 2026
